[?25l[?2004h]2;Create Vocab ListVocab List Creator[0K
                  [0K
â”ƒ   1 Write vocab list here...                                                                                                                                                                                                                                                                              
â”ƒ                                                                                                                                                                                                                                                                                                           
â”ƒ                                                                                                                                                                                                                                                                                                           
â”ƒ                                                                                                                                                                                                                                                                                                           
â”ƒ                                                                                                                                                                                                                                                                                                           
â”ƒ                                                                                                                                                                                                                                                                                                           
â”ƒ                                                                                                                                                                                                                                                                                                           
â”ƒ                                                                                                                                                                                                                                                                                                           
â”ƒ                                                                                                                                                                                                                                                                                                           
â”ƒ                                                                                                                                                                                                                                                                                                           
â”ƒ                                                                                                                                                                                                                                                                                                           
â”ƒ                                                                                                                                                                                                                                                                                                           
â”ƒ                                                                                                                                                                                                                                                                                                           
â”ƒ                                                                                                                                                                                                                                                                                                           
â”ƒ                                                                                                                                                                                                                                                                                                           
â”ƒ                                                                                                                                                                                                                                                                                                           
â”ƒ                                                                                                                                                                                                                                                                                                           
â”ƒ                                                                                                                                                                                                                                                                                                           
â”ƒ                                                                                                                                                                                                                                                                                                           
â”ƒ                                                                                                                                                                                                                                                                                                           
â”ƒ                                                                                                                                                                                                                                                                                                           
â”ƒ                                                                                                                                                                                                                                                                                                           
â”ƒ                                                                                                                                                                                                                                                                                                           
â”ƒ                                                                                                                                                                                                                                                                                                           
â”ƒ                                                                                                                                                                                                                                                                                                           
â”ƒ                                                                                                                                                                                                                                                                                                           
â”ƒ                                                                                                                                                                                                                                                                                                           
â”ƒ                                                                                                                                                                                                                                                                                                           
â”ƒ                                                                                                                                                                                                                                                                                                           
â”ƒ                                                                                                                                                                                                                                                                                                           
â”ƒ                                                                                                                                                                                                                                                                                                           
â”ƒ                                                                                                                                                                                                                                                                                                           
â”ƒ                                                                                                                                                                                                                                                                                                           
â”ƒ                                                                                                                                                                                                                                                                                                           
â”ƒ                                                                                                                                                                                                                                                                                                           
â”ƒ                                                                                                                                                                                                                                                                                                           
â”ƒ                                                                                                                                                                                                                                                                                                           
â”ƒ                                                                                                                                                                                                                                                                                                           
â”ƒ                                                                                                                                                                                                                                                                                                           
â”ƒ                                                                                                                                                                                                                                                                                                           
â”ƒ                                                                                                                                                                                                                                                                                                           
â”ƒ                                                                                                                                                                                                                                                                                                           
â”ƒ                                                                                                                                                                                                                                                                                                           
â”ƒ                                                                                                                                                                                                                                                                                                           
â”ƒ                                                                                                                                                                                                                                                                                                           
â”ƒ                                                                                                                                                                                                                                                                                                           
â”ƒ                                                                                                                                                                                                                                                                                                           
â”ƒ                                                                                                                                                                                                                                                                                                           
â”ƒ                                                                                                                                                                                                                                                                                                           
â”ƒ                                                                                                                                                                                                                                                                                                           
â”ƒ                                                                                                                                                                                                                                                                                                           
â”ƒ                                                                                                                                                                                                                                                                                                           
â”ƒ                                                                                                                                                                                                                                                                                                           
â”ƒ                                                                                                                                                                                                                                                                                                           
â”ƒ                                                                                                                                                                                                                                                                                                           
â”ƒ                                                                                                                                                                                                                                                                                                           
â”ƒ                                                                                                                                                                                                                                                                                                           
â”ƒ                                                                                                                                                                                                                                                                                                           
â”ƒ                                                                                                                                                                                                                                                                                                           
â”ƒ                                                                                                                                                                                                                                                                                                           
â”ƒ                                                                                                                                                                                                                                                                                                           
â”ƒ                                                                                                                                                                                                                                                                                                           
â”ƒ                                                                                                                                                                                                                                                                                                           
â”ƒ                                                                                                                                                                                                                                                                                                           
â”ƒ                                                                                                                                                                                                                                                                                                           
â”ƒ                                                                                                                                                                                                                                                                                                           
â”ƒ                                                                                                                                                                                                                                                                                                           
â”ƒ                                                                                                                                                                                                                                                                                                           
â”ƒ                                                                                                                                                                                                                                                                                                           
â”ƒ                                                                                                                                                                                                                                                                                                           
â”ƒ                                                                                                                                                                                                                                                                                                           
â”ƒ                                                                                                                                                                                                                                                                                                           
â”ƒ                                                                                                                                                                                                                                                                                                           
â”ƒ                                                                                                                                                                                                                                                                                                           
â”ƒ                                                                                                                                                                                                                                                                                                           
â”ƒ                                                                                                                                                                                                                                                                                                           
â”ƒ                                                                                                                                                                                                                                                                                                           
â”ƒ                                                                                                                                                                                                                                                                                                           
â”ƒ                                                                                                                                                                                                                                                                                                           
â”ƒ                                                                                                                                                                                                                                                                                                           
â”ƒ                                                                                                                                                                                                                                                                                                           
â”ƒ                                                                                                                                                                                                                                                                                                           
â”ƒ                                                                                                                                                                                                                                                                                                           
â”ƒ                                                                                                                                                                                                                                                                                                           
â”ƒ                                                                                                                                                                                                                                                                                                           
â”ƒ                                                                                                                                                                                                                                                                                                           
â”ƒ                                                                                                                                                                                                                                                                                                           
â”ƒ                                                                                                                                                                                                                                                                                                           
â”ƒ                                                                                                                                                                                                                                                                                                           
â”ƒ                                                                                                                                                                                                                                                                                                           
â”ƒ                                                                                                                                                                                                                                                                                                           
â”ƒ                                                                                                                                                                                                                                                                                                           
â”ƒ                                                                                                                                                                                                                                                                                                           
â”ƒ                                                                                                                                                                                                                                                                                                           
â”ƒ                                                                                                                                                                                                                                                                                                           
â”ƒ                                                                                                                                                                                                                                                                                                           
â”ƒ                                                                                                                                                                                                                                                                                                           
ctrl+h toggle help â€¢ ctrl+s save to file â€¢ ctrl+q quit[0K[300D[2K[?2004l[?25h[?1002l[?1003l[?1006l