[?25l[?2004h]2;Create Session Config[1;4;4mVerb[0m[4m [0m[1;4;4mexclusions[0m[0K
[38;2;225;123;52m[ ] All of them[0m[0K
[ ] First conjugation verbs[0K
[ ] Second conjugation verbs[0K
[ ] Third conjugation verbs[0K
[ ] Fourth conjugation verbs[0K
[ ] Mixed conjugation verbs[0K
[ ] Irregular verbs[0K
[ ] Present active indicative[0K
[ ] Imperfect active indicative[0K
[ ] Perfect active indicative[0K
[ ] Pluperfect active indicative[0K
[ ] Present active infinitive[0K
[ ] Present active imperative[0K
[ ] Imperative active subjunctive[0K
[ ] Pluperfect active subjunctive[0K
[ ] Singular number[0K
[ ] Plural number[0K
[ ] 1st person[0K
[ ] 2nd person[0K
[ ] 3rd person[0K
[38;2;97;97;97m‚Üë[0m [38;2;73;73;73mmove up[0m[38;2;60;60;60m ‚Ä¢ [0m[38;2;97;97;97m‚Üì[0m [38;2;73;73;73mmove down[0m[38;2;60;60;60m ‚Ä¢ [0m[38;2;97;97;97m‚Üê[0m [38;2;73;73;73mprevious page[0m[38;2;60;60;60m ‚Ä¢ [0m[38;2;97;97;97m‚Üí[0m [38;2;73;73;73mnext page[0m[38;2;60;60;60m ‚Ä¢ [0m[38;2;97;97;97m‚éµ[0m [38;2;73;73;73mcheck or uncheck option[0m[38;2;60;60;60m ‚Ä¢ [0m[38;2;97;97;97mctrl+q[0m [38;2;73;73;73mquit[0m[0K[300D[21A[B[ ] All of them[0K
[38;2;225;123;52m[ ] First conjugation verbs[0m[0K
[B[B[B[B[B[B[B[B[B[B[B[B[B[B[B[B[B[B[300D[21A[B[B[ ] First conjugation verbs[0K
[38;2;225;123;52m[ ] Second conjugation verbs[0m[0K
[B[B[B[B[B[B[B[B[B[B[B[B[B[B[B[B[B[300D[21A[B[B[B[ ] Second conjugation verbs[0K
[38;2;225;123;52m[ ] Third conjugation verbs[0m[0K
[B[B[B[B[B[B[B[B[B[B[B[B[B[B[B[B[300D[21A[B[B[B[B[ ] Third conjugation verbs[0K
[38;2;225;123;52m[ ] Fourth conjugation verbs[0m[0K
[B[B[B[B[B[B[B[B[B[B[B[B[B[B[B[300D[21A[B[B[B[B[B[ ] Fourth conjugation verbs[0K
[38;2;225;123;52m[ ] Mixed conjugation verbs[0m[0K
[B[B[B[B[B[B[B[B[B[B[B[B[B[B[300D[21A[B[B[B[B[B[B[ ] Mixed conjugation verbs[0K
[38;2;225;123;52m[ ] Irregular verbs[0m[0K
[B[B[B[B[B[B[B[B[B[B[B[B[B[300D[21A[B[B[B[B[B[B[B[ ] Irregular verbs[0K
[38;2;225;123;52m[ ] Present active indicative[0m[0K
[B[B[B[B[B[B[B[B[B[B[B[B[300D[21A[B[B[B[B[B[B[B[B[ ] Present active indicative[0K
[38;2;225;123;52m[ ] Imperfect active indicative[0m[0K
[B[B[B[B[B[B[B[B[B[B[B[300D[21A[B[B[B[B[B[B[B[B[B[ ] Imperfect active indicative[0K
[38;2;225;123;52m[ ] Perfect active indicative[0m[0K
[B[B[B[B[B[B[B[B[B[B[300D[21A[B[B[B[B[B[B[B[B[B[B[ ] Perfect active indicative[0K
[38;2;225;123;52m[ ] Pluperfect active indicative[0m[0K
[B[B[B[B[B[B[B[B[B[300D[21A[B[B[B[B[B[B[B[B[B[B[B[ ] Pluperfect active indicative[0K
[38;2;225;123;52m[ ] Present active infinitive[0m[0K
[B[B[B[B[B[B[B[B[300D[21A[B[B[B[B[B[B[B[B[B[B[B[B[ ] Present active infinitive[0K
[38;2;225;123;52m[ ] Present active imperative[0m[0K
[B[B[B[B[B[B[B[300D[21A[B[B[B[B[B[B[B[B[B[B[B[B[B[ ] Present active imperative[0K
[38;2;225;123;52m[ ] Imperative active subjunctive[0m[0K
[B[B[B[B[B[B[300D[21A[B[B[B[B[B[B[B[B[B[B[B[B[B[B[ ] Imperative active subjunctive[0K
[38;2;225;123;52m[ ] Pluperfect active subjunctive[0m[0K
[B[B[B[B[B[300D[21A[B[B[B[B[B[B[B[B[B[B[B[B[B[B[B[ ] Pluperfect active subjunctive[0K
[38;2;225;123;52m[ ] Singular number[0m[0K
[B[B[B[B[300D[21A[B[B[B[B[B[B[B[B[B[B[B[B[B[B[B[B[ ] Singular number[0K
[38;2;225;123;52m[ ] Plural number[0m[0K
[B[B[B[300D[21A[B[B[B[B[B[B[B[B[B[B[B[B[B[B[B[B[B[ ] Plural number[0K
[38;2;225;123;52m[ ] 1st person[0m[0K
[B[B[300D[21A[B[B[B[B[B[B[B[B[B[B[B[B[B[B[B[B[B[B[ ] 1st person[0K
[38;2;225;123;52m[ ] 2nd person[0m[0K
[B[300D[21A[B[B[B[B[B[B[B[B[B[B[B[B[B[B[B[B[B[B[B[ ] 2nd person[0K
[38;2;225;123;52m[ ] 3rd person[0m[0K
[300D[2K[?2004l[?25h[?1002l[?1003l[?1006l