[?25l[?2004h]2;Create Session ConfigVerb exclusions
[ ] All of them
[ ] First conjugation verbs
[ ] Second conjugation verbs
[ ] Third conjugation verbs
[ ] Fourth conjugation verbs
[ ] Mixed conjugation verbs
[ ] Irregular verbs
[ ] Present active indicative
[ ] Imperfect active indicative
[ ] Perfect active indicative
[ ] Pluperfect active indicative
[ ] Present active infinitive
[ ] Present active imperative
[ ] Imperative active subjunctive
[ ] Pluperfect active subjunctive
[ ] Singular number
[ ] Plural number
[ ] 1st person
[ ] 2nd person
[ ] 3rd person
‚Üë move up ‚Ä¢ ‚Üì move down ‚Ä¢ ‚Üê previous page ‚Ä¢ ‚Üí next page ‚Ä¢ ‚éµ check or uncheck option ‚Ä¢ ctrl+q quit[x] All of them
[x] All of them
[ ] First conjugation verbs
[x] First conjugation verbs
[x] First conjugation verbs
[ ] Second conjugation verbs
Participle exclusions
[ ] All of them
[ ] Present active
[ ] Perfect passive
[ ] Masculine gender
[ ] Feminine gender
[ ] Neuter gender
[ ] Nominative case
[ ] Vocative case
[ ] Accusative case
[ ] Genitive case
[ ] Dative case
[ ] Ablative case
[ ] Singular number
[ ] Plural number
‚Üë move up ‚Ä¢ ‚Üì move down ‚Ä¢ ‚Üê previous page ‚Ä¢ ‚Üí next page ‚Ä¢ ‚éµ check or uncheck option ‚Ä¢ ctrl+q quit[x] All of them
Verb exclusions
[x] First conjugation verbs
[ ] Second conjugation verbs
[ ] Third conjugation verbs
[ ] Fourth conjugation verbs
[ ] Mixed conjugation verbs
[ ] Irregular verbs
[ ] Present active indicative
[ ] Imperfect active indicative
[ ] Perfect active indicative
[ ] Pluperfect active indicative
[ ] Present active infinitive
[ ] Present active imperative
[ ] Imperative active subjunctive
[ ] Pluperfect active subjunctive
[ ] Singular number
[ ] Plural number
[ ] 1st person
[ ] 2nd person
[ ] 3rd person
‚Üë move up ‚Ä¢ ‚Üì move down ‚Ä¢ ‚Üê previous page ‚Ä¢ ‚Üí next page ‚Ä¢ ‚éµ check or uncheck option ‚Ä¢ ctrl+q quit[?2004l[?25h