[?25l[?2004h]2;Create Session Config[1;4;4mVerb[0m[4m [0m[1;4;4mexclusions[0m[K
[38;2;225;123;52m[ ] All of them[0m[K
[1m[x] Deponent verbs[0m[K
[ ] First conjugation verbs[K
[ ] Second conjugation verbs[K
[ ] Third conjugation verbs[K
[ ] Fourth conjugation verbs[K
[ ] Mixed conjugation verbs[K
[ ] Irregular verbs[K
[ ] Present active indicative[K
[ ] Imperfect active indicative[K
[ ] Future active indicative[K
[ ] Perfect active indicative[K
[ ] Pluperfect active indicative[K
[ ] Future perfect active indicative[K
[ ] Present passive indicative[K
[ ] Imperfect passive indicative[K
[ ] Future passive indicative[K
[ ] Perfect passive indicative[K
[ ] Pluperfect passive indicative[K
[ ] Future perfect passive indicative[K
[ ] Present active subjunctive[K
[ ] Imperfect active subjunctive[K
[ ] Perfect active subjunctive[K
[ ] Pluperfect active subjunctive[K
[ ] Present active imperative[K
[ ] Future active imperative[K
[ ] Present passive imperative[K
[ ] Future passive imperative[K
[ ] Present active infinitive[K
[ ] Future active infinitive[K
[ ] Perfect active infinitive[K
[ ] Present passive infinitive[K
[ ] Future passive infinitive[K
[ ] Perfect passive infinitive[K
[ ] Singular number[K
[ ] Plural number[K
[ ] 1st person[K
[ ] 2nd person[K
[ ] 3rd person[K
[38;2;97;97;97m‚Üë[0m [38;2;73;73;73mmove up[0m[38;2;60;60;60m ‚Ä¢ [0m[38;2;97;97;97m‚Üì[0m [38;2;73;73;73mmove down[0m[38;2;60;60;60m ‚Ä¢ [0m[38;2;97;97;97m‚Üê[0m [38;2;73;73;73mprevious page[0m[38;2;60;60;60m ‚Ä¢ [0m[38;2;97;97;97m‚Üí[0m [38;2;73;73;73mnext page[0m[38;2;60;60;60m ‚Ä¢ [0m[38;2;97;97;97m‚éµ[0m [38;2;73;73;73mcheck or uncheck option[0m[38;2;60;60;60m ‚Ä¢ [0m[38;2;97;97;97mctrl+q[0m [38;2;73;73;73mquit[0m[K[40A
[ ] All of them[K
[1;38;2;225;123;52m[x] Deponent verbs[0m[K





































[40A

[1m[x] Deponent verbs[0m[K
[38;2;225;123;52m[ ] First conjugation verbs[0m[K




































[40A


[1;38;2;225;123;52m[x] First conjugation verbs[0m[K




































[40A[1;4;4mParticiple[0m[4m [0m[1;4;4mexclusions[0m[K
[38;2;225;123;52m[ ] All of them[0m[K
[ ] Present active[K
[ ] Perfect passive[K
[ ] Future active[K
[ ] Masculine gender[K
[ ] Feminine gender[K
[ ] Neuter gender[K
[ ] Nominative case[K
[ ] Vocative case[K
[ ] Accusative case[K
[ ] Genitive case[K
[ ] Dative case[K
[ ] Ablative case[K
[ ] Singular number[K
[ ] Plural number[K
[38;2;97;97;97m‚Üë[0m [38;2;73;73;73mmove up[0m[38;2;60;60;60m ‚Ä¢ [0m[38;2;97;97;97m‚Üì[0m [38;2;73;73;73mmove down[0m[38;2;60;60;60m ‚Ä¢ [0m[38;2;97;97;97m‚Üê[0m [38;2;73;73;73mprevious page[0m[38;2;60;60;60m ‚Ä¢ [0m[38;2;97;97;97m‚Üí[0m [38;2;73;73;73mnext page[0m[38;2;60;60;60m ‚Ä¢ [0m[38;2;97;97;97m‚éµ[0m [38;2;73;73;73mcheck or uncheck option[0m[38;2;60;60;60m ‚Ä¢ [0m[38;2;97;97;97mctrl+q[0m [38;2;73;73;73mquit[0m[K[J[16A
[ ] All of them[K
[38;2;225;123;52m[ ] Present active[0m[K













[16A

[ ] Present active[K
[38;2;225;123;52m[ ] Perfect passive[0m[K












[16A


[1;38;2;225;123;52m[x] Perfect passive[0m[K












[16A[1;4;4mOther[0m[4m [0m[1;4;4mverb[0m[4m [0m[1;4;4mexclusions[0m[K
[38;2;225;123;52m[ ] Gerundives[0m[K
[ ] Gerunds[K
[ ] Supines[K
[38;2;97;97;97m‚Üë[0m [38;2;73;73;73mmove up[0m[38;2;60;60;60m ‚Ä¢ [0m[38;2;97;97;97m‚Üì[0m [38;2;73;73;73mmove down[0m[38;2;60;60;60m ‚Ä¢ [0m[38;2;97;97;97m‚Üê[0m [38;2;73;73;73mprevious page[0m[38;2;60;60;60m ‚Ä¢ [0m[38;2;97;97;97m‚Üí[0m [38;2;73;73;73mnext page[0m[38;2;60;60;60m ‚Ä¢ [0m[38;2;97;97;97m‚éµ[0m [38;2;73;73;73mcheck or uncheck option[0m[38;2;60;60;60m ‚Ä¢ [0m[38;2;97;97;97mctrl+q[0m [38;2;73;73;73mquit[0m[K[J[4A
[ ] Gerundives[K
[38;2;225;123;52m[ ] Gerunds[0m[K

[4A

[ ] Gerunds[K
[38;2;225;123;52m[ ] Supines[0m[K
[4A


[1;38;2;225;123;52m[x] Supines[0m[K
[4A[1;4;4mNoun[0m[4m [0m[1;4;4mexclusions[0m[K
[38;2;225;123;52m[ ] All of them[0m[K
[ ] First declension nouns[K
[ ] Second declension nouns[K
[ ] Third declension nouns[K
[ ] Fourth declension nouns[K
[ ] Fifth declension nouns[K
[ ] Irregular nouns[K
[ ] Nominative case[K
[ ] Vocative case[K
[ ] Accusative case[K
[ ] Genitive case[K
[ ] Dative case[K
[ ] Ablative case[K
[ ] Singular number[K
[ ] Plural number[K
[38;2;97;97;97m‚Üë[0m [38;2;73;73;73mmove up[0m[38;2;60;60;60m ‚Ä¢ [0m[38;2;97;97;97m‚Üì[0m [38;2;73;73;73mmove down[0m[38;2;60;60;60m ‚Ä¢ [0m[38;2;97;97;97m‚Üê[0m [38;2;73;73;73mprevious page[0m[38;2;60;60;60m ‚Ä¢ [0m[38;2;97;97;97m‚Üí[0m [38;2;73;73;73mnext page[0m[38;2;60;60;60m ‚Ä¢ [0m[38;2;97;97;97m‚éµ[0m [38;2;73;73;73mcheck or uncheck option[0m[38;2;60;60;60m ‚Ä¢ [0m[38;2;97;97;97mctrl+q[0m [38;2;73;73;73mquit[0m[K[16A
[ ] All of them[K
[38;2;225;123;52m[ ] First declension nouns[0m[K













[16A

[ ] First declension nouns[K
[38;2;225;123;52m[ ] Second declension nouns[0m[K












[16A


[1;38;2;225;123;52m[x] Second declension nouns[0m[K












[16A[1;4;4mAdjective[0m[4m [0m[1;4;4mexclusions[0m[K
[38;2;225;123;52m[ ] All of them[0m[K
[ ] First and second declension adjectives[K
[ ] Third declension adjectives[K
[ ] Masculine gender[K
[ ] Feminine gender[K
[ ] Neuter gender[K
[ ] Nominative case[K
[ ] Vocative case[K
[ ] Accusative case[K
[ ] Genitive case[K
[ ] Dative case[K
[ ] Ablative case[K
[ ] Singular number[K
[ ] Plural number[K
[ ] Positive degree[K
[ ] Comparative degree[K
[ ] Superlative degree[K
[38;2;97;97;97m‚Üë[0m [38;2;73;73;73mmove up[0m[38;2;60;60;60m ‚Ä¢ [0m[38;2;97;97;97m‚Üì[0m [38;2;73;73;73mmove down[0m[38;2;60;60;60m ‚Ä¢ [0m[38;2;97;97;97m‚Üê[0m [38;2;73;73;73mprevious page[0m[38;2;60;60;60m ‚Ä¢ [0m[38;2;97;97;97m‚Üí[0m [38;2;73;73;73mnext page[0m[38;2;60;60;60m ‚Ä¢ [0m[38;2;97;97;97m‚éµ[0m [38;2;73;73;73mcheck or uncheck option[0m[38;2;60;60;60m ‚Ä¢ [0m[38;2;97;97;97mctrl+q[0m [38;2;73;73;73mquit[0m[K[18A
[ ] All of them[K
[38;2;225;123;52m[ ] First and second declension adjectives[0m[K















[18A

[ ] First and second declension adjectives[K
[38;2;225;123;52m[ ] Third declension adjectives[0m[K














[18A


[1;38;2;225;123;52m[x] Third declension adjectives[0m[K














[18A[1;4;4mAdverb[0m[4m [0m[1;4;4mexclusions[0m[K
[38;2;225;123;52m[ ] All of them[0m[K
[ ] Positive degree[K
[ ] Comparative degree[K
[ ] Superlative degree[K
[38;2;97;97;97m‚Üë[0m [38;2;73;73;73mmove up[0m[38;2;60;60;60m ‚Ä¢ [0m[38;2;97;97;97m‚Üì[0m [38;2;73;73;73mmove down[0m[38;2;60;60;60m ‚Ä¢ [0m[38;2;97;97;97m‚Üê[0m [38;2;73;73;73mprevious page[0m[38;2;60;60;60m ‚Ä¢ [0m[38;2;97;97;97m‚Üí[0m [38;2;73;73;73mnext page[0m[38;2;60;60;60m ‚Ä¢ [0m[38;2;97;97;97m‚éµ[0m [38;2;73;73;73mcheck or uncheck option[0m[38;2;60;60;60m ‚Ä¢ [0m[38;2;97;97;97mctrl+q[0m [38;2;73;73;73mquit[0m[K[J[5A
[ ] All of them[K
[38;2;225;123;52m[ ] Positive degree[0m[K


[5A

[ ] Positive degree[K
[38;2;225;123;52m[ ] Comparative degree[0m[K

[5A


[1;38;2;225;123;52m[x] Comparative degree[0m[K

[5A[1;4;4mPronoun[0m[4m [0m[1;4;4mexclusions[0m[K
[38;2;225;123;52m[ ] All of them[0m[K
[ ] Masculine gender[K
[ ] Feminine gender[K
[ ] Neuter gender[K
[ ] Nominative case[K
[ ] Vocative case[K
[ ] Accusative case[K
[ ] Genitive case[K
[ ] Dative case[K
[ ] Ablative case[K
[ ] Singular number[K
[ ] Plural number[K
[38;2;97;97;97m‚Üë[0m [38;2;73;73;73mmove up[0m[38;2;60;60;60m ‚Ä¢ [0m[38;2;97;97;97m‚Üì[0m [38;2;73;73;73mmove down[0m[38;2;60;60;60m ‚Ä¢ [0m[38;2;97;97;97m‚Üê[0m [38;2;73;73;73mprevious page[0m[38;2;60;60;60m ‚Ä¢ [0m[38;2;97;97;97m‚Üí[0m [38;2;73;73;73mnext page[0m[38;2;60;60;60m ‚Ä¢ [0m[38;2;97;97;97m‚éµ[0m [38;2;73;73;73mcheck or uncheck option[0m[38;2;60;60;60m ‚Ä¢ [0m[38;2;97;97;97mctrl+q[0m [38;2;73;73;73mquit[0m[K[13A
[ ] All of them[K
[38;2;225;123;52m[ ] Masculine gender[0m[K










[13A

[ ] Masculine gender[K
[38;2;225;123;52m[ ] Feminine gender[0m[K









[13A


[1;38;2;225;123;52m[x] Feminine gender[0m[K









[13A[1;4;4mRegular[0m[4m [0m[1;4;4mword[0m[4m [0m[1;4;4mexclusions[0m[K
[38;2;225;123;52m[ ] All of them[0m[K
[38;2;97;97;97m‚Üë[0m [38;2;73;73;73mmove up[0m[38;2;60;60;60m ‚Ä¢ [0m[38;2;97;97;97m‚Üì[0m [38;2;73;73;73mmove down[0m[38;2;60;60;60m ‚Ä¢ [0m[38;2;97;97;97m‚Üê[0m [38;2;73;73;73mprevious page[0m[38;2;60;60;60m ‚Ä¢ [0m[38;2;97;97;97m‚Üí[0m [38;2;73;73;73mnext page[0m[38;2;60;60;60m ‚Ä¢ [0m[38;2;97;97;97m‚éµ[0m [38;2;73;73;73mcheck or uncheck option[0m[38;2;60;60;60m ‚Ä¢ [0m[38;2;97;97;97mctrl+q[0m [38;2;73;73;73mquit[0m[K[J[2A
[1;38;2;225;123;52m[x] All of them[0m[K
[2A[1;4;4mMiscellaneous[0m[4m [0m[1;4;4msettings[0m[K
[38;2;225;123;52m[ ] English translations of subjunctive verbs[0m[K
[ ] English translations of verbal nouns (gerunds/supines)[K
[38;2;97;97;97m‚Üë[0m [38;2;73;73;73mmove up[0m[38;2;60;60;60m ‚Ä¢ [0m[38;2;97;97;97m‚Üì[0m [38;2;73;73;73mmove down[0m[38;2;60;60;60m ‚Ä¢ [0m[38;2;97;97;97m‚Üê[0m [38;2;73;73;73mprevious page[0m[38;2;60;60;60m ‚Ä¢ [0m[38;2;97;97;97m‚Üí[0m [38;2;73;73;73mnext page[0m[38;2;60;60;60m ‚Ä¢ [0m[38;2;97;97;97m‚éµ[0m [38;2;73;73;73mcheck or uncheck option[0m[38;2;60;60;60m ‚Ä¢ [0m[38;2;97;97;97mctrl+q[0m [38;2;73;73;73mquit[0m[K[3A
[ ] English translations of subjunctive verbs[K
[38;2;225;123;52m[ ] English translations of verbal nouns (gerunds/supines)[0m[K
[3A

[1;38;2;225;123;52m[x] English translations of verbal nouns (gerunds/supines)[0m[K
[3A[1;4;4mQuestion[0m[4m [0m[1;4;4mtypes[0m[K
[1;38;2;225;123;52m[x] Type-in English to Latin questions[0m[K
[1m[x] Type-in Latin to English questions[0m[K
[1m[x] Parsing questions[0m[K
[1m[x] Inflecting questions[0m[K
[1m[x] Principal parts questions[0m[K
[1m[x] Multiple choice English to Latin questions[0m[K
[1m[x] Multiple choice Latin to English questions[0m[K
[38;2;97;97;97m‚Üë[0m [38;2;73;73;73mmove up[0m[38;2;60;60;60m ‚Ä¢ [0m[38;2;97;97;97m‚Üì[0m [38;2;73;73;73mmove down[0m[38;2;60;60;60m ‚Ä¢ [0m[38;2;97;97;97m‚Üê[0m [38;2;73;73;73mprevious page[0m[38;2;60;60;60m ‚Ä¢ [0m[38;2;97;97;97m‚Üí[0m [38;2;73;73;73mnext page[0m[38;2;60;60;60m ‚Ä¢ [0m[38;2;97;97;97m‚éµ[0m [38;2;73;73;73mcheck or uncheck option[0m[38;2;60;60;60m ‚Ä¢ [0m[38;2;97;97;97mctrl+q[0m [38;2;73;73;73mquit[0m[K[8A
[1m[x] Type-in English to Latin questions[0m[K
[1;38;2;225;123;52m[x] Type-in Latin to English questions[0m[K





[8A

[1m[x] Type-in Latin to English questions[0m[K
[1;38;2;225;123;52m[x] Parsing questions[0m[K




[8A


[38;2;225;123;52m[ ] Parsing questions[0m[K




[8AInput the number of options wanted for multiple-choice questions.[K
> [7mM[0m[38;5;240must be a positive integer                                                                                                                                                                                                                                                                                [0m
[2m(press right to save and quit)[0m[K[J[2A
> 3[7m [0m                                                                                                                                                                                                                                                                                                        
[2K[?2004l[?25h[?1002l[?1003l[?1006l