[?25l[?2004h]2;Create Session Config[1;4;4mVerb[0m[4m [0m[1;4;4mexclusions[0m[K
[38;2;225;123;52m[ ] All of them[0m[K
[1m[x] Deponent verbs[0m[K
[ ] First conjugation verbs[K
[ ] Second conjugation verbs[K
[ ] Third conjugation verbs[K
[ ] Fourth conjugation verbs[K
[ ] Mixed conjugation verbs[K
[ ] Irregular verbs[K
[ ] Present active indicative[K
[ ] Imperfect active indicative[K
[ ] Future active indicative[K
[ ] Perfect active indicative[K
[ ] Pluperfect active indicative[K
[ ] Future perfect active indicative[K
[ ] Present passive indicative[K
[ ] Imperfect passive indicative[K
[ ] Future passive indicative[K
[ ] Perfect passive indicative[K
[ ] Pluperfect passive indicative[K
[ ] Future perfect passive indicative[K
[ ] Present active subjunctive[K
[ ] Imperfect active subjunctive[K
[ ] Perfect active subjunctive[K
[ ] Pluperfect active subjunctive[K
[ ] Present active imperative[K
[ ] Future active imperative[K
[ ] Present passive imperative[K
[ ] Future passive imperative[K
[ ] Present active infinitive[K
[ ] Future active infinitive[K
[ ] Perfect active infinitive[K
[ ] Present passive infinitive[K
[ ] Future passive infinitive[K
[ ] Perfect passive infinitive[K
[ ] Singular number[K
[ ] Plural number[K
[ ] 1st person[K
[ ] 2nd person[K
[ ] 3rd person[K
[38;2;97;97;97m‚Üë[0m [38;2;73;73;73mmove up[0m[38;2;60;60;60m ‚Ä¢ [0m[38;2;97;97;97m‚Üì[0m [38;2;73;73;73mmove down[0m[38;2;60;60;60m ‚Ä¢ [0m[38;2;97;97;97m‚Üê[0m [38;2;73;73;73mprevious page[0m[38;2;60;60;60m ‚Ä¢ [0m[38;2;97;97;97m‚Üí[0m [38;2;73;73;73mnext page[0m[38;2;60;60;60m ‚Ä¢ [0m[38;2;97;97;97m‚éµ[0m [38;2;73;73;73mcheck or uncheck option[0m[38;2;60;60;60m ‚Ä¢ [0m[38;2;97;97;97mctrl+q[0m [38;2;73;73;73mquit[0m[K[40A
[ ] All of them[K
[1;38;2;225;123;52m[x] Deponent verbs[0m[K





































[40A

[38;2;225;123;52m[ ] Deponent verbs[0m[K





































[40A

[ ] Deponent verbs[K
[38;2;225;123;52m[ ] First conjugation verbs[0m[K




































[40A[1;4;4mParticiple[0m[4m [0m[1;4;4mexclusions[0m[K
[38;2;225;123;52m[ ] All of them[0m[K
[ ] Present active[K
[ ] Perfect passive[K
[ ] Future active[K
[ ] Masculine gender[K
[ ] Feminine gender[K
[ ] Neuter gender[K
[ ] Nominative case[K
[ ] Vocative case[K
[ ] Accusative case[K
[ ] Genitive case[K
[ ] Dative case[K
[ ] Ablative case[K
[ ] Singular number[K
[ ] Plural number[K
[38;2;97;97;97m‚Üë[0m [38;2;73;73;73mmove up[0m[38;2;60;60;60m ‚Ä¢ [0m[38;2;97;97;97m‚Üì[0m [38;2;73;73;73mmove down[0m[38;2;60;60;60m ‚Ä¢ [0m[38;2;97;97;97m‚Üê[0m [38;2;73;73;73mprevious page[0m[38;2;60;60;60m ‚Ä¢ [0m[38;2;97;97;97m‚Üí[0m [38;2;73;73;73mnext page[0m[38;2;60;60;60m ‚Ä¢ [0m[38;2;97;97;97m‚éµ[0m [38;2;73;73;73mcheck or uncheck option[0m[38;2;60;60;60m ‚Ä¢ [0m[38;2;97;97;97mctrl+q[0m [38;2;73;73;73mquit[0m[K[J[16A[1;4;4mVerb[0m[4m [0m[1;4;4mexclusions[0m[K

[ ] Deponent verbs[K
[ ] First conjugation verbs[K
[ ] Second conjugation verbs[K
[ ] Third conjugation verbs[K
[ ] Fourth conjugation verbs[K
[ ] Mixed conjugation verbs[K
[ ] Irregular verbs[K
[ ] Present active indicative[K
[ ] Imperfect active indicative[K
[ ] Future active indicative[K
[ ] Perfect active indicative[K
[ ] Pluperfect active indicative[K
[ ] Future perfect active indicative[K
[ ] Present passive indicative[K
[ ] Imperfect passive indicative[K
[ ] Future passive indicative[K
[ ] Perfect passive indicative[K
[ ] Pluperfect passive indicative[K
[ ] Future perfect passive indicative[K
[ ] Present active subjunctive[K
[ ] Imperfect active subjunctive[K
[ ] Perfect active subjunctive[K
[ ] Pluperfect active subjunctive[K
[ ] Present active imperative[K
[ ] Future active imperative[K
[ ] Present passive imperative[K
[ ] Future passive imperative[K
[ ] Present active infinitive[K
[ ] Future active infinitive[K
[ ] Perfect active infinitive[K
[ ] Present passive infinitive[K
[ ] Future passive infinitive[K
[ ] Perfect passive infinitive[K
[ ] Singular number[K
[ ] Plural number[K
[ ] 1st person[K
[ ] 2nd person[K
[ ] 3rd person[K
[38;2;97;97;97m‚Üë[0m [38;2;73;73;73mmove up[0m[38;2;60;60;60m ‚Ä¢ [0m[38;2;97;97;97m‚Üì[0m [38;2;73;73;73mmove down[0m[38;2;60;60;60m ‚Ä¢ [0m[38;2;97;97;97m‚Üê[0m [38;2;73;73;73mprevious page[0m[38;2;60;60;60m ‚Ä¢ [0m[38;2;97;97;97m‚Üí[0m [38;2;73;73;73mnext page[0m[38;2;60;60;60m ‚Ä¢ [0m[38;2;97;97;97m‚éµ[0m [38;2;73;73;73mcheck or uncheck option[0m[38;2;60;60;60m ‚Ä¢ [0m[38;2;97;97;97mctrl+q[0m [38;2;73;73;73mquit[0m[K[40A
[ ] All of them[K
[38;2;225;123;52m[ ] Deponent verbs[0m[K





































[40A

[1;38;2;225;123;52m[x] Deponent verbs[0m[K





































[40A

[1m[x] Deponent verbs[0m[K
[38;2;225;123;52m[ ] First conjugation verbs[0m[K




































[2K[?2004l[?25h[?1002l[?1003l[?1006l