{
  "english-subjunctives": false,
  "english-verbal-nouns": true,
  "exclude-adjective-212-declension": false,
  "exclude-adjective-ablative": false,
  "exclude-adjective-accusative": false,
  "exclude-adjective-comparative": false,
  "exclude-adjective-dative": false,
  "exclude-adjective-feminine": false,
  "exclude-adjective-genitive": false,
  "exclude-adjective-masculine": false,
  "exclude-adjective-neuter": false,
  "exclude-adjective-nominative": false,
  "exclude-adjective-plural": false,
  "exclude-adjective-positive": false,
  "exclude-adjective-singular": false,
  "exclude-adjective-superlative": false,
  "exclude-adjective-third-declension": true,
  "exclude-adjective-vocative": false,
  "exclude-adjectives": false,
  "exclude-adverb-comparative": true,
  "exclude-adverb-positive": false,
  "exclude-adverb-superlative": false,
  "exclude-adverbs": false,
  "exclude-deponents": true,
  "exclude-gerundives": false,
  "exclude-gerunds": true,
  "exclude-noun-ablative": false,
  "exclude-noun-accusative": false,
  "exclude-noun-dative": false,
  "exclude-noun-fifth-declension": false,
  "exclude-noun-first-declension": false,
  "exclude-noun-fourth-declension": false,
  "exclude-noun-genitive": false,
  "exclude-noun-irregular-declension": false,
  "exclude-noun-nominative": false,
  "exclude-noun-plural": false,
  "exclude-noun-second-declension": true,
  "exclude-noun-singular": false,
  "exclude-noun-third-declension": false,
  "exclude-noun-vocative": false,
  "exclude-nouns": false,
  "exclude-participle-ablative": false,
  "exclude-participle-accusative": false,
  "exclude-participle-dative": false,
  "exclude-participle-feminine": false,
  "exclude-participle-future-active": false,
  "exclude-participle-genitive": false,
  "exclude-participle-masculine": false,
  "exclude-participle-neuter": false,
  "exclude-participle-nominative": false,
  "exclude-participle-perfect-passive": true,
  "exclude-participle-plural": false,
  "exclude-participle-present-active": false,
  "exclude-participle-singular": false,
  "exclude-participle-vocative": false,
  "exclude-participles": false,
  "exclude-pronoun-ablative": false,
  "exclude-pronoun-accusative": false,
  "exclude-pronoun-dative": false,
  "exclude-pronoun-feminine": true,
  "exclude-pronoun-genitive": false,
  "exclude-pronoun-masculine": false,
  "exclude-pronoun-neuter": false,
  "exclude-pronoun-nominative": false,
  "exclude-pronoun-plural": false,
  "exclude-pronoun-singular": false,
  "exclude-pronoun-vocative": false,
  "exclude-pronouns": false,
  "exclude-regulars": true,
  "exclude-verb-1st-person": false,
  "exclude-verb-2nd-person": false,
  "exclude-verb-3rd-person": false,
  "exclude-verb-first-conjugation": true,
  "exclude-verb-fourth-conjugation": false,
  "exclude-verb-future-active-indicative": false,
  "exclude-verb-future-passive-indicative": false,
  "exclude-verb-future-perfect-active-indicative": false,
  "exclude-verb-future-perfect-passive-indicative": false,
  "exclude-verb-imperfect-active-indicative": false,
  "exclude-verb-imperfect-active-subjunctive": false,
  "exclude-verb-imperfect-passive-indicative": false,
  "exclude-verb-irregular-conjugation": false,
  "exclude-verb-mixed-conjugation": false,
  "exclude-verb-perfect-active-indicative": false,
  "exclude-verb-perfect-active-subjunctive": false,
  "exclude-verb-perfect-passive-indicative": false,
  "exclude-verb-pluperfect-active-indicative": false,
  "exclude-verb-pluperfect-active-subjunctive": false,
  "exclude-verb-pluperfect-passive-indicative": false,
  "exclude-verb-plural": false,
  "exclude-verb-present-active-imperative": false,
  "exclude-verb-present-active-indicative": false,
  "exclude-verb-present-active-infinitive": false,
  "exclude-verb-present-active-subjunctive": false,
  "exclude-verb-present-passive-indicative": false,
  "exclude-verb-present-passive-infinitive": false,
  "exclude-verb-second-conjugation": false,
  "exclude-verb-singular": false,
  "exclude-verb-third-conjugation": false,
  "exclude-verbs": false,
  "include-inflect": true,
  "include-multiplechoice-engtolat": true,
  "include-multiplechoice-lattoeng": true,
  "include-parse": false,
  "include-principal-parts": true,
  "include-typein-engtolat": true,
  "include-typein-lattoeng": true,
  "number-multiplechoice-options": 3
}