[?25l[?2004h]2;Create Session Config
[1;4;4mVerb[0m[4m [0m[1;4;4mexclusions[0m[K
[38;2;225;123;52m[ ] All of them[0m[K
[ ] First conjugation verbs[K
[ ] Second conjugation verbs[K
[ ] Third conjugation verbs[K
[ ] Fourth conjugation verbs[K
[ ] Mixed conjugation verbs[K
[ ] Irregular verbs[K
[ ] Present active indicative[K
[ ] Imperfect active indicative[K
[ ] Perfect active indicative[K
[ ] Pluperfect active indicative[K
[ ] Present active infinitive[K
[ ] Present active imperative[K
[ ] Imperative active subjunctive[K
[ ] Pluperfect active subjunctive[K
[ ] Singular number[K
[ ] Plural number[K
[ ] 1st person[K
[ ] 2nd person[K
[ ] 3rd person[K
[38;2;97;97;97m‚Üë[0m [38;2;73;73;73mmove up[0m[38;2;60;60;60m ‚Ä¢ [0m[38;2;97;97;97m‚Üì[0m [38;2;73;73;73mmove down[0m[38;2;60;60;60m ‚Ä¢ [0m[38;2;97;97;97m‚Üê[0m [38;2;73;73;73mprevious page[0m[38;2;60;60;60m ‚Ä¢ [0m[38;2;97;97;97m‚Üí[0m [38;2;73;73;73mnext page[0m[38;2;60;60;60m ‚Ä¢ [0m[38;2;97;97;97m‚éµ[0m [38;2;73;73;73mcheck or uncheck option[0m[38;2;60;60;60m ‚Ä¢ [0m[38;2;97;97;97mctrl+q[0m [38;2;73;73;73mquit[0m[K[300D[2K
[?2004l[?25h[?1002l[?1003l[?1006l