[?25l[?2004h]2;Vocab Tester Session[1;4;4mVocab[0m[4m [0m[1;4;4mTester[0m[4m [0m[1;4;4mSession[0m[K
Question 1/6[K
[K
Principal parts of [3mfoo[0m[K
[38;2;255;51;153m> [0m[7mF[0m[K
> [38;5;240mS[0m[K
[K
[K
Score: 0/0 (0%)[K
[38;2;97;97;97mtab[0m [38;2;73;73;73mnext option[0m[38;2;60;60;60m • [0m[38;2;97;97;97m⏎[0m [38;2;73;73;73msubmit answer[0m[38;2;60;60;60m • [0m[38;2;97;97;97mctrl+h[0m [38;2;73;73;73mtoggle additional help[0m[38;2;60;60;60m • [0m[38;2;97;97;97mctrl+q[0m [38;2;73;73;73mquit[0m[K[9A



[38;2;255;51;153m> f[0m[7m [0m[K




[9A



[38;2;255;51;153m> fo[0m[7m [0m[K




[9A



[38;2;255;51;153m> foo[0m[7m [0m[K




[9A



[38;2;255;51;153m> foo1[0m[7m [0m[K




[9A



> foo1 [K
[38;2;255;51;153m> [0m[7mS[0m[K



[9A




[38;2;255;51;153m> f[0m[7m [0m[K



[9A




[38;2;255;51;153m> fo[0m[7m [0m[K



[9A




[38;2;255;51;153m> foo[0m[7m [0m[K



[9A




[38;2;255;51;153m> foo2[0m[7m [0m[K



[9A



> [1;38;2;77;255;77mfoo1[0m [K
[38;2;255;51;153m> [0m[1;38;2;77;255;77mfoo2[0m[7m [0m[K
Answer is correct![K

Score: 1/1 (100%)[K
[9A
Question 2/6[K


[38;2;255;51;153m> [0m[7mF[0m[K
> [38;5;240mS[0m[K
[K


[9A



[38;2;255;51;153m> [0m[38;5;240mF[0m[K




[9A



[38;2;255;51;153m> f[0m[7m [0m[K




[9A



[38;2;255;51;153m> fo[0m[7m [0m[K




[9A



[38;2;255;51;153m> foo[0m[7m [0m[K




[9A



[38;2;255;51;153m> foo1[0m[7m [0m[K




[9A



> foo1 [K
[38;2;255;51;153m> [0m[7mS[0m[K



[9A




[38;2;255;51;153m> f[0m[7m [0m[K



[9A




[38;2;255;51;153m> fo[0m[7m [0m[K



[9A




[38;2;255;51;153m> foo[0m[7m [0m[K



[9A




[38;2;255;51;153m> foo3[0m[7m [0m[K



[9A




[38;2;255;51;153m> foo3[0m[7m [0m[1;38;2;255;77;77m ✕ foo2[0m[K
Answer is incorrect![K

Score: 1/2 (50%)[K
[9A
Question 3/6[K


[38;2;255;51;153m> [0m[7mF[0m[K
> [38;5;240mS[0m[K
[K


[9A



[38;2;255;51;153m> [0m[38;5;240mF[0m[K




[9A



[38;2;255;51;153m> f[0m[7m [0m[K




[9A



[38;2;255;51;153m> fo[0m[7m [0m[K




[9A



[38;2;255;51;153m> foo[0m[7m [0m[K




[9A



[38;2;255;51;153m> foo3[0m[7m [0m[K




[9A



> foo3 [K
[38;2;255;51;153m> [0m[7mS[0m[K



[9A




[38;2;255;51;153m> f[0m[7m [0m[K



[9A




[38;2;255;51;153m> fo[0m[7m [0m[K



[9A




[38;2;255;51;153m> foo[0m[7m [0m[K



[9A




[38;2;255;51;153m> foo4[0m[7m [0m[K



[9A



> foo3 [1;38;2;255;77;77m ✕ foo1[0m[K
[38;2;255;51;153m> foo4[0m[7m [0m[1;38;2;255;77;77m ✕ foo2[0m[K
Answer is incorrect![K

Score: 1/3 (33%)[K
[9A
Question 4/6[K

Principal parts of [3mbar[0m[K
[38;2;255;51;153m> [0m[7mF[0m[K
> [38;5;240mS[0m[K
> [38;5;240mT[0m[K

[K
Score: 1/3 (33%)[K
[38;2;97;97;97mtab[0m [38;2;73;73;73mnext option[0m[38;2;60;60;60m • [0m[38;2;97;97;97m⏎[0m [38;2;73;73;73msubmit answer[0m[38;2;60;60;60m • [0m[38;2;97;97;97mctrl+h[0m [38;2;73;73;73mtoggle additional help[0m[38;2;60;60;60m • [0m[38;2;97;97;97mctrl+q[0m [38;2;73;73;73mquit[0m[K[10A



[38;2;255;51;153m> [0m[38;5;240mF[0m[K





[10A



[38;2;255;51;153m> b[0m[7m [0m[K





[10A



[38;2;255;51;153m> ba[0m[7m [0m[K





[10A



[38;2;255;51;153m> bar[0m[7m [0m[K





[10A



[38;2;255;51;153m> bar1[0m[7m [0m[K





[10A



> bar1 [K
[38;2;255;51;153m> [0m[7mS[0m[K




[10A




[38;2;255;51;153m> b[0m[7m [0m[K




[10A




[38;2;255;51;153m> ba[0m[7m [0m[K




[10A




[38;2;255;51;153m> bar[0m[7m [0m[K




[10A




[38;2;255;51;153m> bar2[0m[7m [0m[K




[10A




> bar2 [K
[38;2;255;51;153m> [0m[7mT[0m[K



[10A





[38;2;255;51;153m> b[0m[7m [0m[K



[10A





[38;2;255;51;153m> ba[0m[7m [0m[K



[10A





[38;2;255;51;153m> bar[0m[7m [0m[K



[10A





[38;2;255;51;153m> bar3[0m[7m [0m[K



[10A



> [1;38;2;77;255;77mbar1[0m [K
> [1;38;2;77;255;77mbar2[0m [K
[38;2;255;51;153m> [0m[1;38;2;77;255;77mbar3[0m[7m [0m[K
Answer is correct![K

Score: 2/4 (50%)[K
[10A
Question 5/6[K


[38;2;255;51;153m> [0m[7mF[0m[K
> [38;5;240mS[0m[K
> [38;5;240mT[0m[K
[K


[10A



[38;2;255;51;153m> b[0m[7m [0m[K





[10A



[38;2;255;51;153m> ba[0m[7m [0m[K





[10A



[38;2;255;51;153m> bar[0m[7m [0m[K





[10A



[38;2;255;51;153m> bar0[0m[7m [0m[K





[10A



> bar0 [K
[38;2;255;51;153m> [0m[7mS[0m[K




[10A




[38;2;255;51;153m> b[0m[7m [0m[K




[10A




[38;2;255;51;153m> ba[0m[7m [0m[K




[10A




[38;2;255;51;153m> bar[0m[7m [0m[K




[10A




[38;2;255;51;153m> bar2[0m[7m [0m[K




[10A




> bar2 [K
[38;2;255;51;153m> [0m[7mT[0m[K



[10A





[38;2;255;51;153m> b[0m[7m [0m[K



[10A





[38;2;255;51;153m> ba[0m[7m [0m[K



[10A





[38;2;255;51;153m> bar[0m[7m [0m[K



[10A





[38;2;255;51;153m> bar3[0m[7m [0m[K



[10A



> bar0 [1;38;2;255;77;77m ✕ bar1[0m[K


Answer is incorrect![K

Score: 2/5 (40%)[K
[10A
Question 6/6[K


[38;2;255;51;153m> [0m[7mF[0m[K
> [38;5;240mS[0m[K
> [38;5;240mT[0m[K
[K


[10A



[38;2;255;51;153m> b[0m[7m [0m[K





[10A



[38;2;255;51;153m> ba[0m[7m [0m[K





[10A



[38;2;255;51;153m> bar[0m[7m [0m[K





[10A



[38;2;255;51;153m> bar4[0m[7m [0m[K





[10A



> bar4 [K
[38;2;255;51;153m> [0m[7mS[0m[K




[10A




[38;2;255;51;153m> b[0m[7m [0m[K




[10A




[38;2;255;51;153m> ba[0m[7m [0m[K




[10A




[38;2;255;51;153m> bar[0m[7m [0m[K




[10A




[38;2;255;51;153m> bar5[0m[7m [0m[K




[10A




> bar5 [K
[38;2;255;51;153m> [0m[7mT[0m[K



[10A





[38;2;255;51;153m> b[0m[7m [0m[K



[10A





[38;2;255;51;153m> ba[0m[7m [0m[K



[10A





[38;2;255;51;153m> bar[0m[7m [0m[K



[10A





[38;2;255;51;153m> bar6[0m[7m [0m[K



[10A



> bar4 [1;38;2;255;77;77m ✕ bar1[0m[K
> bar5 [1;38;2;255;77;77m ✕ bar2[0m[K
[38;2;255;51;153m> bar6[0m[7m [0m[1;38;2;255;77;77m ✕ bar3[0m[K
Answer is incorrect![K

Score: 2/6 (33%)[K
[2K[?2004l[?25h[?1002l[?1003l[?1006l