[?25l[?2004h]2;Vocab Tester Session[1;4;4mVocab[0m[4m [0m[1;4;4mTester[0m[4m [0m[1;4;4mSession[0m[K
Question 1/6[K
[K
[1mTranslate[0m to Latin: [3mfoo[0m[K
> [7mW[0m[K
[K
[K
Score: 0/0 (0%)[K
[38;2;97;97;97mtab[0m [38;2;73;73;73mnext option[0m[38;2;60;60;60m • [0m[38;2;97;97;97m⏎[0m [38;2;73;73;73msubmit answer[0m[38;2;60;60;60m • [0m[38;2;97;97;97mctrl+h[0m [38;2;73;73;73mtoggle additional help[0m[38;2;60;60;60m • [0m[38;2;97;97;97mctrl+q[0m [38;2;73;73;73mquit[0m[K[8A



> b[7m [0m[K



[8A



> ba[7m [0m[K



[8A



> baz[7m [0m[K



[8A



> [1;38;2;77;255;77mbaz[0m [K
Answer is correct![K

Score: 1/1 (100%)[K
[8A
Question 2/6[K


> [7mW[0m[K
[K


[8A



> [38;5;240mW[0m[K



[8A



> b[7m [0m[K



[8A



> ba[7m [0m[K



[8A



> baz[7m [0m[K



[8A



> bazb[7m [0m[K



[8A



> bazba[7m [0m[K



[8A



> bazbaz[7m [0m[K



[8A



> [1;38;2;77;255;77mbazbaz[0m [K
Answer is correct![K

Score: 2/2 (100%)[K
[8A
Question 3/6[K


> [7mW[0m[K
[K


[8A



> [38;5;240mW[0m[K



[8A



> q[7m [0m[K



[8A



> qu[7m [0m[K



[8A



> qux[7m [0m[K



[8A



> qux [1;38;2;255;77;77m ✕ baz[0m[K
Answer is incorrect![K

Score: 2/3 (67%)[K
[8A
Question 4/6[K

[1mTranslate[0m to Latin: [3mbar[0m[K
> [7mW[0m[K
[K


[8A



> [38;5;240mW[0m[K



[8A



> q[7m [0m[K



[8A



> qu[7m [0m[K



[8A



> qux[7m [0m[K



[8A



> [1;38;2;77;255;77mqux[0m [K
Answer is correct![K

Score: 3/4 (75%)[K
[8A
Question 5/6[K


> [7mW[0m[K
[K


[8A



> [38;5;240mW[0m[K



[8A



> q[7m [0m[K



[8A



> qu[7m [0m[K



[8A



> qux[7m [0m[K



[8A



> quxq[7m [0m[K



[8A



> quxqu[7m [0m[K



[8A



> quxqux[7m [0m[K



[8A



> [1;38;2;77;255;77mquxqux[0m [K
Answer is correct![K

Score: 4/5 (80%)[K
[8A
Question 6/6[K


> [7mW[0m[K
[K


[8A



> [38;5;240mW[0m[K



[8A



> b[7m [0m[K



[8A



> ba[7m [0m[K



[8A



> baz[7m [0m[K



[8A



> baz [1;38;2;255;77;77m ✕ qux[0m[K
Answer is incorrect![K

Score: 4/6 (67%)[K
[2K[?2004l[?25h[?1002l[?1003l[?1006l