[?25l[?2004h]2;Vocab Tester Session[1;4;4mVocab[0m[4m [0m[1;4;4mTester[0m[4m [0m[1;4;4mSession[0m[0K
Question 1/6[0K
[0K
[1mTranslate[0m to Latin: [3mbar[0m[0K
[38;2;255;51;153m[ ] foo[0m[0K
[ ] bar[0K
[ ] baz[0K
[0K
[0K
[0K
Score: 0/0 (0%)[0K
[38;2;97;97;97mtab[0m [38;2;73;73;73mnext option[0m[38;2;60;60;60m ‚Ä¢ [0m[38;2;97;97;97m‚èé[0m [38;2;73;73;73msubmit answer[0m[38;2;60;60;60m ‚Ä¢ [0m[38;2;97;97;97mctrl+h[0m [38;2;73;73;73mtoggle additional help[0m[38;2;60;60;60m ‚Ä¢ [0m[38;2;97;97;97mctrl+q[0m [38;2;73;73;73mquit[0m[0K[300D[11A[B[B[B[B[1;38;2;77;255;77m[x] foo[0m[0K
[B[B[BAnswer is correct![0K
[BScore: 1/1 (100%)[0K
[300D[11A[BQuestion 2/6[0K
[B[B[38;2;255;51;153m[ ] foo[0m[0K
[B[B[B[0K
[B[B[300D[11A[B[B[B[B[ ] foo[0K
[38;2;255;51;153m[ ] bar[0m[0K
[B[B[B[B[B[300D[11A[B[B[B[B[B[1;38;2;255;77;77m[x] bar[0m[0K
[B[BAnswer is incorrect![0K
[BScore: 1/2 (50%)[0K
[300D[11A[BQuestion 3/6[0K
[B[1mTranslate[0m to Latin: [3mfoo[0m[0K
[38;2;255;51;153m[ ] baz[0m[0K
[ ] bar[0K
[ ] qux[0K
[B[0K
[B[B[300D[11A[B[B[B[B[ ] baz[0K
[38;2;255;51;153m[ ] bar[0m[0K
[B[B[B[B[B[300D[11A[B[B[B[B[B[1;38;2;77;255;77m[x] bar[0m[0K
[B[BAnswer is correct![0K
[BScore: 2/3 (67%)[0K
[300D[11A[BQuestion 4/6[0K
[B[B[38;2;255;51;153m[ ] baz[0m[0K
[ ] bar[0K
[B[B[0K
[B[B[300D[11A[B[B[B[B[ ] baz[0K
[38;2;255;51;153m[ ] bar[0m[0K
[B[B[B[B[B[300D[11A[B[B[B[B[B[ ] bar[0K
[38;2;255;51;153m[ ] qux[0m[0K
[B[B[B[B[300D[11A[B[B[B[B[B[B[1;38;2;255;77;77m[x] qux[0m[0K
[BAnswer is incorrect![0K
[BScore: 2/4 (50%)[0K
[300D[11A[BQuestion 5/6[0K
[B[1mTranslate[0m to Latin: [3mbaz[0m[0K
[38;2;255;51;153m[ ] bar[0m[0K
[ ] foo[0K
[ ] qux[0K
[B[0K
[B[B[300D[11A[B[B[B[B[ ] bar[0K
[38;2;255;51;153m[ ] foo[0m[0K
[B[B[B[B[B[300D[11A[B[B[B[B[B[ ] foo[0K
[38;2;255;51;153m[ ] qux[0m[0K
[B[B[B[B[300D[11A[B[B[B[B[B[B[1;38;2;77;255;77m[x] qux[0m[0K
[BAnswer is correct![0K
[BScore: 3/5 (60%)[0K
[300D[11A[BQuestion 6/6[0K
[B[B[38;2;255;51;153m[ ] bar[0m[0K
[B[ ] qux[0K
[B[0K
[B[B[300D[11A[B[B[B[B[1;38;2;255;77;77m[x] bar[0m[0K
[B[B[BAnswer is incorrect![0K
[BScore: 3/6 (50%)[0K
[300D[2K[?2004l[?25h[?1002l[?1003l[?1006l