[?25l[?2004h]2;Vocab Tester SessionVocab Tester Session[0K
Question 1/6[0K
[0K
Translate to English: bar[0K
[ ] foo[0K
[ ] bar[0K
[ ] baz[0K
[0K
[0K
[0K
Score: 0/0 (0%)[0K
tab next option ‚Ä¢ ‚èé submit answer ‚Ä¢ ctrl+h toggle additional help ‚Ä¢ ctrl+q quit[0K[300D[11A[B[B[B[B[x] foo[0K
[B[B[BAnswer is correct![0K
[BScore: 1/1 (100%)[0K
[300D[11A[BQuestion 2/6[0K
[B[B[ ] foo[0K
[B[B[B[0K
[B[B[300D[11A[B[B[B[B[B[x] bar[0K
[B[BAnswer is incorrect![0K
[BScore: 1/2 (50%)[0K
[300D[11A[BQuestion 3/6[0K
[BTranslate to English: foo[0K
[ ] baz[0K
[ ] bar[0K
[ ] qux[0K
[B[0K
[B[B[300D[11A[B[B[B[B[B[x] bar[0K
[B[BAnswer is correct![0K
[BScore: 2/3 (67%)[0K
[300D[11A[BQuestion 4/6[0K
[B[B[B[ ] bar[0K
[B[B[0K
[B[B[300D[11A[B[B[B[B[B[B[x] qux[0K
[BAnswer is incorrect![0K
[BScore: 2/4 (50%)[0K
[300D[11A[BQuestion 5/6[0K
[BTranslate to English: baz[0K
[ ] bar[0K
[ ] foo[0K
[ ] qux[0K
[B[0K
[B[B[300D[11A[B[B[B[B[B[B[x] qux[0K
[BAnswer is correct![0K
[BScore: 3/5 (60%)[0K
[300D[11A[BQuestion 6/6[0K
[B[B[B[B[ ] qux[0K
[B[0K
[B[B[300D[11A[B[B[B[B[x] bar[0K
[B[B[BAnswer is incorrect![0K
[BScore: 3/6 (50%)[0K
[300D[2K[?2004l[?25h[?1002l[?1003l[?1006l